Fitter Finalize Stage Report for Entropy_encoding
Wed May 22 21:50:16 2019
Quartus Prime Version 17.1.0 Build 240 10/25/2017 SJ Pro Edition


---------------------
; Table of Contents ;
---------------------
  1. Legal Notice
  2. Routing Usage Summary
  3. Finalize Messages



----------------
; Legal Notice ;
----------------
Copyright (C) 2017  Intel Corporation. All rights reserved.
Your use of Intel Corporation's design tools, logic functions 
and other software and tools, and its AMPP partner logic 
functions, and any output files from any of the foregoing 
(including device programming or simulation files), and any 
associated documentation or information are expressly subject 
to the terms and conditions of the Intel Program License 
Subscription Agreement, the Intel Quartus Prime License Agreement,
the Intel FPGA IP License Agreement, or other applicable license
agreement, including, without limitation, that your use is for
the sole purpose of programming logic devices manufactured by
Intel and sold by Intel or its authorized distributors.  Please
refer to the applicable agreement for further details.



+---------------------------------------------------------------+
; Routing Usage Summary                                         ;
+--------------------------------+------------------------------+
; Routing Resource Type          ; Usage                        ;
+--------------------------------+------------------------------+
; Block Input Muxes              ; 0 / 675,444 ( 0 % )          ;
; Block interconnects            ; 255,605 / 9,132,912 ( 3 % )  ;
; C16 interconnects              ; 459 / 226,512 ( < 1 % )      ;
; C2 interconnects               ; 24,408 / 1,359,072 ( 2 % )   ;
; C3 interconnects               ; 40,286 / 2,758,032 ( 1 % )   ;
; C4 interconnects               ; 39,726 / 1,772,208 ( 2 % )   ;
; DCM_muxes                      ; 0 / 1,632 ( 0 % )            ;
; Direct links                   ; 75,605 / 9,132,912 ( < 1 % ) ;
; GAP Interconnects              ; 185 / 267,192 ( < 1 % )      ;
; GAPs                           ; 0 / 29,304 ( 0 % )           ;
; HIO Buffers                    ; 0 / 209,664 ( 0 % )          ;
; Horizontal Buffers             ; 38 / 176,364 ( < 1 % )       ;
; Horizontal_clock_segment_muxes ; 40 / 7,488 ( < 1 % )         ;
; Programmable Inverts           ; 0 / 318,960 ( 0 % )          ;
; R10 interconnects              ; 28,155 / 2,456,208 ( 1 % )   ;
; R2 interconnects               ; 31,255 / 2,265,120 ( 1 % )   ;
; R24 interconnects              ; 336 / 293,040 ( < 1 % )      ;
; R24/C16 interconnect drivers   ; 629 / 453,024 ( < 1 % )      ;
; R4 interconnects               ; 55,584 / 3,248,028 ( 2 % )   ;
; Row Clock Tap-Offs             ; 3,865 / 725,544 ( < 1 % )    ;
; Switchbox_clock_muxes          ; 130 / 41,600 ( < 1 % )       ;
; Vertical_seam_tap_muxes        ; 73 / 15,232 ( < 1 % )        ;
+--------------------------------+------------------------------+


+-------------------+
; Finalize Messages ;
+-------------------+
Info: *******************************************************************
Info: Running Quartus Prime Fitter
    Info: Version 17.1.0 Build 240 10/25/2017 SJ Pro Edition
    Info: Processing started: Wed May 22 21:23:47 2019
Info: Command: quartus_fit --read_settings_files=off --write_settings_files=off Entropy_encoding -c Entropy_encoding
Info: qfit2_default_script.tcl version: #1
Info: Project  = Entropy_encoding
Info: Revision = Entropy_encoding
Info (19262): Fitter post-routing fixup operations beginning
Info (170195): Router estimated average interconnect usage is 1% of the available device resources
    Info (170196): Router estimated peak interconnect usage is 12% of the available device resources in the region that extends from location X204_Y180 to location X215_Y191
Info (11888): Total time spent on timing analysis during Routing is 7.43 seconds.
Info (18822): Fitter post-routing fixup operations ending: elapsed time is 00:03:58
Critical Warning (19527): There are 0 unused RX channels and 0 unused TX channels in the design.
    Info (19528): Add the QSF assignment 'set_instance_assignment -name PRESERVE_UNUSED_XCVR_CHANNEL ON -to <pin_name>' for each unused channel that will be used in future.
    Info (19529): The above QSF assignment will preserve the performance of specified channels over time.
Info (16557): Fitter post-fit operations ending: elapsed time is 00:06:29


